// Jest Snapshot v1, https://goo.gl/fbAQLP

exports[`ExpandCustomForm is work ExpandCustomForm is work 1`] = `
Object {
  "bg": false,
  "brick": "div",
  "iid": "5e27819b1e711",
  "injectDeep": true,
  "portal": false,
  "properties": Object {
    "dataset": Object {
      "testid": "test",
    },
    "formData": "<% CTX.formData %>",
  },
  "slots": Object {
    "": Object {
      "bricks": Array [
        Object {
          "brick": "basic-bricks.micro-view",
          "properties": Object {
            "style": Object {
              "padding": "12px",
            },
          },
          "slots": Object {
            "content": Object {
              "bricks": Array [
                Object {
                  "brick": "forms.general-form",
                  "bricks": Array [
                    Object {
                      "brick": "basic-bricks.grid-layout",
                      "bricks": Array [
                        Object {
                          "brick": "forms.general-input",
                          "id": "userName",
                          "if": "",
                          "mountPoint": "items",
                          "properties": Object {
                            "dataset": Object {
                              "testid": "userName",
                            },
                            "id": "userName",
                            "label": "用户名",
                            "name": "userName",
                            "placeholder": "不允许特殊字符",
                            "readOnly": true,
                            "required": true,
                          },
                        },
                        Object {
                          "brick": "forms.general-input",
                          "id": "userId",
                          "mountPoint": "items",
                          "properties": Object {
                            "dataset": Object {
                              "testid": "userId",
                            },
                            "id": "userId",
                            "label": "ID",
                            "name": "userId",
                            "placeholder": "不允许特殊字符",
                            "readOnly": false,
                            "required": false,
                          },
                        },
                        Object {
                          "brick": "forms.general-input-number",
                          "id": "age",
                          "mountPoint": "items",
                          "properties": Object {
                            "dataset": Object {
                              "testid": "age",
                            },
                            "id": "age",
                            "inputBoxStyle": Object {
                              "width": "100%",
                            },
                            "label": "年龄",
                            "name": "age",
                            "placeholder": "不允许特殊字符",
                            "precision": 0,
                            "readOnly": false,
                            "required": false,
                          },
                        },
                        Object {
                          "brick": "forms.general-select",
                          "id": "department",
                          "mountPoint": "items",
                          "properties": Object {
                            "dataset": Object {
                              "testid": "department",
                            },
                            "id": "department",
                            "inputBoxStyle": Object {
                              "width": "100%",
                            },
                            "label": "部门",
                            "name": "department",
                            "options": Array [
                              Object {
                                "label": "选项一",
                                "value": 1,
                              },
                              Object {
                                "label": "选项二",
                                "value": 2,
                              },
                            ],
                            "placeholder": "不允许特殊字符",
                            "readOnly": false,
                            "required": true,
                          },
                        },
                        Object {
                          "brick": "forms.general-select",
                          "id": "status",
                          "mountPoint": "items",
                          "properties": Object {
                            "dataset": Object {
                              "testid": "status",
                            },
                            "id": "status",
                            "inputBoxStyle": Object {
                              "width": "100%",
                            },
                            "label": "状态",
                            "name": "status",
                            "options": Array [
                              Object {
                                "label": "选项一",
                                "value": 1,
                              },
                              Object {
                                "label": "选项二",
                                "value": 2,
                              },
                            ],
                            "placeholder": undefined,
                            "readOnly": false,
                            "required": true,
                          },
                        },
                      ],
                      "instanceId": "123",
                      "mountPoint": "items",
                      "properties": Object {
                        "columns": 1,
                        "id": "grid_138",
                        "title": "行容器",
                      },
                    },
                  ],
                  "context": Object {},
                  "events": Object {
                    "validate.error": Array [
                      Object {
                        "action": "preview.debug",
                        "args": Array [
                          "validate.error",
                          "<% EVENT.detail %>",
                        ],
                      },
                    ],
                    "validate.success": Array [
                      Object {
                        "action": "preview.debug",
                        "args": Array [
                          "validate.success",
                          "<% EVENT.detail %>",
                        ],
                      },
                    ],
                  },
                  "properties": Object {
                    "className": "form-preview",
                    "formItemConfig": Object {},
                    "id": "form_137",
                    "sectionConfig": Object {},
                    "values": Object {},
                  },
                  "slots": Object {
                    "items": Object {
                      "bricks": Array [
                        Object {
                          "brick": "basic-bricks.grid-layout",
                          "bricks": Array [
                            Object {
                              "brick": "forms.general-input",
                              "id": "userName",
                              "if": "",
                              "mountPoint": "items",
                              "properties": Object {
                                "dataset": Object {
                                  "testid": "userName",
                                },
                                "id": "userName",
                                "label": "用户名",
                                "name": "userName",
                                "placeholder": "不允许特殊字符",
                                "readOnly": true,
                                "required": true,
                              },
                            },
                            Object {
                              "brick": "forms.general-input",
                              "id": "userId",
                              "mountPoint": "items",
                              "properties": Object {
                                "dataset": Object {
                                  "testid": "userId",
                                },
                                "id": "userId",
                                "label": "ID",
                                "name": "userId",
                                "placeholder": "不允许特殊字符",
                                "readOnly": false,
                                "required": false,
                              },
                            },
                            Object {
                              "brick": "forms.general-input-number",
                              "id": "age",
                              "mountPoint": "items",
                              "properties": Object {
                                "dataset": Object {
                                  "testid": "age",
                                },
                                "id": "age",
                                "inputBoxStyle": Object {
                                  "width": "100%",
                                },
                                "label": "年龄",
                                "name": "age",
                                "placeholder": "不允许特殊字符",
                                "precision": 0,
                                "readOnly": false,
                                "required": false,
                              },
                            },
                            Object {
                              "brick": "forms.general-select",
                              "id": "department",
                              "mountPoint": "items",
                              "properties": Object {
                                "dataset": Object {
                                  "testid": "department",
                                },
                                "id": "department",
                                "inputBoxStyle": Object {
                                  "width": "100%",
                                },
                                "label": "部门",
                                "name": "department",
                                "options": Array [
                                  Object {
                                    "label": "选项一",
                                    "value": 1,
                                  },
                                  Object {
                                    "label": "选项二",
                                    "value": 2,
                                  },
                                ],
                                "placeholder": "不允许特殊字符",
                                "readOnly": false,
                                "required": true,
                              },
                            },
                            Object {
                              "brick": "forms.general-select",
                              "id": "status",
                              "mountPoint": "items",
                              "properties": Object {
                                "dataset": Object {
                                  "testid": "status",
                                },
                                "id": "status",
                                "inputBoxStyle": Object {
                                  "width": "100%",
                                },
                                "label": "状态",
                                "name": "status",
                                "options": Array [
                                  Object {
                                    "label": "选项一",
                                    "value": 1,
                                  },
                                  Object {
                                    "label": "选项二",
                                    "value": 2,
                                  },
                                ],
                                "placeholder": undefined,
                                "readOnly": false,
                                "required": true,
                              },
                            },
                          ],
                          "iid": "123",
                          "mountPoint": "items",
                          "properties": Object {
                            "columns": 1,
                            "id": "grid_138",
                            "title": "行容器",
                          },
                          "slots": Object {
                            "items": Object {
                              "bricks": Array [
                                Object {
                                  "brick": "forms.general-input",
                                  "if": "",
                                  "mountPoint": "items",
                                  "properties": Object {
                                    "dataset": Object {
                                      "testid": "userName",
                                    },
                                    "id": "userName",
                                    "label": "用户名",
                                    "name": "userName",
                                    "placeholder": "不允许特殊字符",
                                    "readOnly": true,
                                    "required": true,
                                  },
                                  Symbol(form.contextId): "form-ctx-1",
                                },
                                Object {
                                  "brick": "forms.general-input",
                                  "mountPoint": "items",
                                  "properties": Object {
                                    "dataset": Object {
                                      "testid": "userId",
                                    },
                                    "id": "userId",
                                    "label": "ID",
                                    "name": "userId",
                                    "placeholder": "不允许特殊字符",
                                    "readOnly": false,
                                    "required": false,
                                  },
                                  Symbol(form.contextId): "form-ctx-1",
                                },
                                Object {
                                  "brick": "forms.general-input-number",
                                  "mountPoint": "items",
                                  "properties": Object {
                                    "dataset": Object {
                                      "testid": "age",
                                    },
                                    "id": "age",
                                    "inputBoxStyle": Object {
                                      "width": "100%",
                                    },
                                    "label": "年龄",
                                    "name": "age",
                                    "placeholder": "不允许特殊字符",
                                    "precision": 0,
                                    "readOnly": false,
                                    "required": false,
                                  },
                                  Symbol(form.contextId): "form-ctx-1",
                                },
                                Object {
                                  "brick": "forms.general-select",
                                  "mountPoint": "items",
                                  "properties": Object {
                                    "dataset": Object {
                                      "testid": "department",
                                    },
                                    "id": "department",
                                    "inputBoxStyle": Object {
                                      "width": "100%",
                                    },
                                    "label": "部门",
                                    "name": "department",
                                    "options": Array [
                                      Object {
                                        "label": "选项一",
                                        "value": 1,
                                      },
                                      Object {
                                        "label": "选项二",
                                        "value": 2,
                                      },
                                    ],
                                    "placeholder": "不允许特殊字符",
                                    "readOnly": false,
                                    "required": true,
                                  },
                                  Symbol(form.contextId): "form-ctx-1",
                                },
                                Object {
                                  "brick": "forms.general-select",
                                  "mountPoint": "items",
                                  "properties": Object {
                                    "dataset": Object {
                                      "testid": "status",
                                    },
                                    "id": "status",
                                    "inputBoxStyle": Object {
                                      "width": "100%",
                                    },
                                    "label": "状态",
                                    "name": "status",
                                    "options": Array [
                                      Object {
                                        "label": "选项一",
                                        "value": 1,
                                      },
                                      Object {
                                        "label": "选项二",
                                        "value": 2,
                                      },
                                    ],
                                    "placeholder": undefined,
                                    "readOnly": false,
                                    "required": true,
                                  },
                                  Symbol(form.contextId): "form-ctx-1",
                                },
                              ],
                              "type": "bricks",
                            },
                          },
                          Symbol(form.contextId): "form-ctx-1",
                        },
                      ],
                      "type": "bricks",
                    },
                  },
                  Symbol(form.contextId): "form-ctx-1",
                },
              ],
              "type": "bricks",
            },
          },
        },
      ],
      "type": "bricks",
    },
  },
}
`;

exports[`ExpandCustomForm is work ExpandCustomForm is work 2`] = `
Object {
  "brick": "div",
  "slots": Object {
    "": Object {
      "bricks": Array [
        Object {
          "brick": "presentational-bricks.brick-illustration",
          "properties": Object {
            "category": "default",
            "header": Object {
              "title": "参数错误",
            },
            "mode": "guide",
            "name": "search-empty",
          },
        },
      ],
      "type": "bricks",
    },
  },
}
`;
